// Jest Snapshot v1, https://goo.gl/fbAQLP

exports[`should AddExpense Render 1`] = `
<div>
  <h1>
    New Expense
  </h1>
  <ExpensForm
    onSubmit={[Function]}
  />
</div>
`;
