// Jest Snapshot v1, https://goo.gl/fbAQLP

exports[`should ExpenseDashBorad Will render 1`] = `
<div>
  <p>
    Home Page
  </p>
  <Connect(ExpenseListFilter) />
  <Connect(ExpensesSummary) />
  <Connect(ExpenseList) />
</div>
`;
