// Jest Snapshot v1, https://goo.gl/fbAQLP

exports[`shuold render header correctley 1`] = `
<header>
  <h1>
    Expensify
  </h1>
  <NavLink
    activeClassName="is-active"
    exact={true}
    to="/"
  >
    go home
  </NavLink>
  <NavLink
    activeClassName="is-active"
    to="/create"
  >
    add page
  </NavLink>
  <button
    onClick={[Function]}
  >
    Logout
  </button>
</header>
`;
