// Jest Snapshot v1, https://goo.gl/fbAQLP

exports[`should NotFoundPage Will render 1`] = `
<div>
  <p>
    !404 -  
    <Link
      to="/"
    >
      go home
    </Link>
  </p>
</div>
`;
